// Jest Snapshot v1, https://goo.gl/fbAQLP

exports[`withGoogleMapScript HOC renders correctly 1`] = `
<span>
  Loading...
</span>
`;
