// Jest Snapshot v1, https://goo.gl/fbAQLP

exports[`<CommerceModulePhone /> renders correctly 1`] = `
<p
  className="dh-commerce-module-phone"
>
  Or call 
  Awesome Showroom
  : 
  <a
    href="tel:+33123456789"
  >
    +33123456789
  </a>
</p>
`;
