// Jest Snapshot v1, https://goo.gl/fbAQLP

exports[`<PanelCallbackHandler /> renders correctly 1`] = `
<div>
  Hello content
</div>
`;
