// Jest Snapshot v1, https://goo.gl/fbAQLP

exports[`<ProductHit /> renders correctly 1`] = `
<div>
  <div
    className="dh-products-hits-list-item-img"
  >
    <Image
      alt="Product Title"
      src="https://placehold.it/270x270"
    />
  </div>
  <b
    className="dh-products-hits-list-item-title"
  >
    Product Title
  </b>
  <i
    className="dh-products-hits-list-item-brand"
  >
    Brand Name
  </i>
  <span
    className="dh-products-hits-list-item-price"
  >
    $1,000
  </span>
</div>
`;

exports[`<ProductHit /> renders correctly with transformHitImageUrl 1`] = `
<div>
  <div
    className="dh-products-hits-list-item-img"
  >
    <Image
      alt="Product Title"
      src="https://placehold.it/270x270"
    />
  </div>
  <b
    className="dh-products-hits-list-item-title"
  >
    Product Title
  </b>
  <i
    className="dh-products-hits-list-item-brand"
  >
    Brand Name
  </i>
  <span
    className="dh-products-hits-list-item-price"
  >
    $1,000
  </span>
</div>
`;
